WARNING:We recommend using a newer Android Gradle plugin to use compileSdk = 34

This Android Gradle plugin (7.4.2) was tested up to compileSdk = 33

This warning can be suppressed by adding
    android.suppressUnsupportedCompileSdk=34
to this project's gradle.properties

The build will continue, but you are strongly encouraged to update your project to
use a newer Android Gradle Plugin that has been tested with compileSdk = 34
> Task :app:preBuild UP-TO-DATE
> Task :app:preDebugBuild UP-TO-DATE
> Task :app:mergeDebugNativeDebugMetadata NO-SOURCE
> Task :app:compileDebugAidl NO-SOURCE
> Task :app:compileDebugRenderscript NO-SOURCE
> Task :app:generateDebugBuildConfig UP-TO-DATE
> Task :app:checkDebugAarMetadata FAILED

[Incubating] Problems report is available at: file:///C:/Users/axel0/Documents/GitHub/robbie/build/reports/problems/problems-report.html
.\gradlew : 
At line:1 char:1
+ .\gradlew assembleDebug 2>&1 > build_output.txt; Get-Content build_ou ...
+ ~~~~~~~~~~~~~~~~~~~~~~~~~~~~~~~~~~~~~~~~~~~~~~~
    + CategoryInfo          : NotSpecified: (:String) [], RemoteException
    + FullyQualifiedErrorId : NativeCommandError
 
FAILURE: Build failed with an exception.

* What went wrong:
Execution failed for task ':app:checkDebugAarMetadata'.
> Configuration `:app:debugRuntimeClasspath` contains AndroidX dependencies, but the `android.useAndroidX` 
property is not enabled, which may cause runtime issues.
  Set `android.useAndroidX=true` in the `gradle.properties` file and retry.
  The following AndroidX dependencies are detected:
  :app:debugRuntimeClasspath -> androidx.appcompat:appcompat:1.6.1
  :app:debugRuntimeClasspath -> androidx.appcompat:appcompat:1.6.1 -> androidx.activity:activity:1.6.0
  :app:debugRuntimeClasspath -> androidx.room:room-runtime:2.6.1 -> androidx.room:room-common:2.6.1 -> 
androidx.annotation:annotation:1.6.0
  :app:debugRuntimeClasspath -> androidx.room:room-runtime:2.6.1 -> androidx.room:room-common:2.6.1 -> 
androidx.annotation:annotation:1.6.0 -> androidx.annotation:annotation-jvm:1.6.0
  :app:debugRuntimeClasspath -> com.facebook.react:react-android:0.71.8 -> 
androidx.appcompat:appcompat-resources:1.6.1 -> androidx.collection:collection:1.1.0
  :app:debugRuntimeClasspath -> com.google.android.material:material:1.9.0 -> androidx.core:core:1.13.1
  :app:debugRuntimeClasspath -> androidx.room:room-runtime:2.6.1 -> 
androidx.annotation:annotation-experimental:1.4.0
  :app:debugRuntimeClasspath -> com.google.android.material:material:1.9.0 -> androidx.core:core:1.13.1 -> 
androidx.concurrent:concurrent-futures:1.1.0
  :app:debugRuntimeClasspath -> androidx.swiperefreshlayout:swiperefreshlayout:1.1.0 -> 
androidx.interpolator:interpolator:1.0.0
  :app:debugRuntimeClasspath -> com.google.android.material:material:1.9.0 -> 
androidx.lifecycle:lifecycle-runtime:2.6.2
  :app:debugRuntimeClasspath -> com.google.android.material:material:1.9.0 -> androidx.fragment:fragment:1.3.6 
-> androidx.lifecycle:lifecycle-livedata-core:2.6.2 -> androidx.arch.core:core-common:2.2.0
  :app:debugRuntimeClasspath -> androidx.room:room-runtime:2.6.1 -> androidx.arch.core:core-runtime:2.2.0
  :app:debugRuntimeClasspath -> androidx.appcompat:appcompat:1.6.1 -> 
androidx.lifecycle:lifecycle-viewmodel:2.6.2 -> androidx.lifecycle:lifecycle-common:2.6.2
  :app:debugRuntimeClasspath -> com.google.android.material:material:1.9.0 -> androidx.fragment:fragment:1.3.6 
-> androidx.loader:loader:1.0.0 -> androidx.lifecycle:lifecycle-livedata:2.6.2
  :app:debugRuntimeClasspath -> com.google.android.material:material:1.9.0 -> androidx.fragment:fragment:1.3.6 
-> androidx.lifecycle:lifecycle-livedata-core:2.6.2
  :app:debugRuntimeClasspath -> androidx.appcompat:appcompat:1.6.1 -> androidx.emoji2:emoji2:1.2.0 -> 
androidx.lifecycle:lifecycle-process:2.6.2
  :app:debugRuntimeClasspath -> androidx.appcompat:appcompat:1.6.1 -> androidx.emoji2:emoji2:1.2.0 -> 
androidx.startup:startup-runtime:1.1.1
  :app:debugRuntimeClasspath -> com.facebook.react:react-android:0.71.8 -> androidx.tracing:tracing:1.1.0
  :app:debugRuntimeClasspath -> androidx.appcompat:appcompat:1.6.1 -> 
androidx.lifecycle:lifecycle-viewmodel:2.6.2
  :app:debugRuntimeClasspath -> com.google.android.material:material:1.9.0 -> androidx.fragment:fragment:1.3.6 
-> androidx.lifecycle:lifecycle-viewmodel-savedstate:2.6.2
  :app:debugRuntimeClasspath -> androidx.core:core-ktx:1.13.1
  :app:debugRuntimeClasspath -> androidx.appcompat:appcompat:1.6.1 -> androidx.savedstate:savedstate:1.2.1
  :app:debugRuntimeClasspath -> com.google.android.material:material:1.9.0 -> 
androidx.lifecycle:lifecycle-runtime:2.6.2 -> androidx.profileinstaller:profileinstaller:1.3.0
  :app:debugRuntimeClasspath -> com.google.android.material:material:1.9.0 -> androidx.core:core:1.13.1 -> 
androidx.versionedparcelable:versionedparcelable:1.1.1
  :app:debugRuntimeClasspath -> com.facebook.react:react-android:0.71.8 -> 
androidx.appcompat:appcompat-resources:1.6.1
  :app:debugRuntimeClasspath -> com.google.android.material:material:1.9.0 -> 
androidx.vectordrawable:vectordrawable:1.1.0
  :app:debugRuntimeClasspath -> com.facebook.react:react-android:0.71.8 -> 
androidx.appcompat:appcompat-resources:1.6.1 -> androidx.vectordrawable:vectordrawable-animated:1.1.0
  :app:debugRuntimeClasspath -> androidx.appcompat:appcompat:1.6.1 -> androidx.cursoradapter:cursoradapter:1.0.0
  :app:debugRuntimeClasspath -> com.google.android.material:material:1.9.0 -> 
androidx.drawerlayout:drawerlayout:1.1.1
  :app:debugRuntimeClasspath -> com.google.android.material:material:1.9.0 -> 
androidx.drawerlayout:drawerlayout:1.1.1 -> androidx.customview:customview:1.1.0
  :app:debugRuntimeClasspath -> androidx.appcompat:appcompat:1.6.1 -> androidx.emoji2:emoji2:1.2.0
  :app:debugRuntimeClasspath -> androidx.appcompat:appcompat:1.6.1 -> androidx.emoji2:emoji2-views-helper:1.2.0
  :app:debugRuntimeClasspath -> com.google.android.material:material:1.9.0 -> androidx.fragment:fragment:1.3.6
  :app:debugRuntimeClasspath -> com.google.android.material:material:1.9.0 -> androidx.fragment:fragment:1.3.6 
-> androidx.viewpager:viewpager:1.0.0
  :app:debugRuntimeClasspath -> com.google.android.material:material:1.9.0 -> androidx.fragment:fragment:1.3.6 
-> androidx.loader:loader:1.0.0
  :app:debugRuntimeClasspath -> androidx.appcompat:appcompat:1.6.1 -> 
androidx.resourceinspection:resourceinspection-annotation:1.0.1
  :app:debugRuntimeClasspath -> com.google.android.material:material:1.9.0
  :app:debugRuntimeClasspath -> com.google.android.material:material:1.9.0 -> androidx.cardview:cardview:1.0.0
  :app:debugRuntimeClasspath -> com.google.android.material:material:1.9.0 -> 
androidx.coordinatorlayout:coordinatorlayout:1.1.0
  :app:debugRuntimeClasspath -> androidx.constraintlayout:constraintlayout:2.1.4
  :app:debugRuntimeClasspath -> androidx.constraintlayout:constraintlayout:2.1.4 -> 
androidx.constraintlayout:constraintlayout-core:1.0.4
  :app:debugRuntimeClasspath -> com.google.android.material:material:1.9.0 -> 
androidx.dynamicanimation:dynamicanimation:1.0.0
  :app:debugRuntimeClasspath -> com.google.android.material:material:1.9.0 -> 
androidx.dynamicanimation:dynamicanimation:1.0.0 -> androidx.legacy:legacy-support-core-utils:1.0.0
  :app:debugRuntimeClasspath -> com.google.android.material:material:1.9.0 -> 
androidx.dynamicanimation:dynamicanimation:1.0.0 -> androidx.legacy:legacy-support-core-utils:1.0.0 -> 
androidx.documentfile:documentfile:1.0.0
  :app:debugRuntimeClasspath -> com.google.android.material:material:1.9.0 -> 
androidx.dynamicanimation:dynamicanimation:1.0.0 -> androidx.legacy:legacy-support-core-utils:1.0.0 -> 
androidx.localbroadcastmanager:localbroadcastmanager:1.0.0
  :app:debugRuntimeClasspath -> com.google.android.material:material:1.9.0 -> 
androidx.dynamicanimation:dynamicanimation:1.0.0 -> androidx.legacy:legacy-support-core-utils:1.0.0 -> 
androidx.print:print:1.0.0
  :app:debugRuntimeClasspath -> com.google.android.material:material:1.9.0 -> 
androidx.recyclerview:recyclerview:1.1.0
  :app:debugRuntimeClasspath -> com.google.android.material:material:1.9.0 -> 
androidx.transition:transition:1.2.0
  :app:debugRuntimeClasspath -> com.google.android.material:material:1.9.0 -> 
androidx.viewpager2:viewpager2:1.0.0
  :app:debugRuntimeClasspath -> com.facebook.react:react-android:0.71.8 -> androidx.autofill:autofill:1.1.0
  :app:debugRuntimeClasspath -> androidx.swiperefreshlayout:swiperefreshlayout:1.1.0
  :app:debugRuntimeClasspath -> com.github.bumptech.glide:glide:4.15.1 -> 
androidx.exifinterface:exifinterface:1.3.3
  :app:debugRuntimeClasspath -> androidx.room:room-runtime:2.6.1
  :app:debugRuntimeClasspath -> androidx.room:room-runtime:2.6.1 -> androidx.room:room-common:2.6.1
  :app:debugRuntimeClasspath -> androidx.room:room-ktx:2.6.1
  :app:debugRuntimeClasspath -> androidx.room:room-runtime:2.6.1 -> androidx.sqlite:sqlite:2.4.0
  :app:debugRuntimeClasspath -> androidx.room:room-runtime:2.6.1 -> androidx.sqlite:sqlite-framework:2.4.0

* Try:
> Run with --stacktrace option to get the stack trace.
> Run with --info or --debug option to get more log output.
> Run with --scan to get full insights.
> Get more help at https://help.gradle.org.

Deprecated Gradle features were used in this build, making it incompatible with Gradle 9.0.

You can use '--warning-mode all' to show the individual deprecation warnings and determine if they come from your own scripts or plugins.

For more on this, please refer to https://docs.gradle.org/8.13/userguide/command_line_interface.html#sec:command_line_warnings in the Gradle documentation.

BUILD FAILED in 1s
2 actionable tasks: 1 executed, 1 up-to-date
